// Vitest Snapshot v1

exports[`ErrorMessage.vue > check snapshpt 1`] = `"<div class=\\"errorMessage text-sm text-red-500\\">Error message</div>"`;
